Component: Arm Compiler for Embedded 6.24 Tool: armlink [5f371500]

==============================================================================

Section Cross References

    button.o(.text.Button_Init) refers to button.o(.bss.buttonPressed) for buttonPressed
    button.o(.ARM.exidx.text.Button_Init) refers to button.o(.text.Button_Init) for [Anonymous Symbol]
    button.o(.text.Button_IsPressed) refers to button.o(.bss.buttonPressed) for buttonPressed
    button.o(.ARM.exidx.text.Button_IsPressed) refers to button.o(.text.Button_IsPressed) for [Anonymous Symbol]
    button.o(.text.EXTI1_IRQHandler) refers to button.o(.bss.buttonPressed) for buttonPressed
    button.o(.text.EXTI1_IRQHandler) refers to ps2_keyboard.o(.text.PS2_SetButtonTrigger) for PS2_SetButtonTrigger
    button.o(.ARM.exidx.text.EXTI1_IRQHandler) refers to button.o(.text.EXTI1_IRQHandler) for [Anonymous Symbol]
    main.o(.text.main) refers to speaker.o(.text.Speaker_Init) for Speaker_Init
    main.o(.text.main) refers to speaker.o(.text.Speaker_Off) for Speaker_Off
    main.o(.text.main) refers to ps2_keyboard.o(.text.PS2_Keyboard_Init) for PS2_Keyboard_Init
    main.o(.text.main) refers to button.o(.text.Button_Init) for Button_Init
    main.o(.ARM.exidx.text.main) refers to main.o(.text.main) for [Anonymous Symbol]
    speaker.o(.text.Speaker_SetTone) refers to system_stm32f10x.o(.text.SystemCoreClockUpdate) for SystemCoreClockUpdate
    speaker.o(.text.Speaker_SetTone) refers to system_stm32f10x.o(.data.SystemCoreClock) for SystemCoreClock
    speaker.o(.text.Speaker_SetTone) refers to speaker.o(.bss.speakerEnabled) for speakerEnabled
    speaker.o(.text.Speaker_SetTone) refers to speaker.o(.bss.speakerCompareValue) for speakerCompareValue
    speaker.o(.ARM.exidx.text.Speaker_SetTone) refers to speaker.o(.text.Speaker_SetTone) for [Anonymous Symbol]
    speaker.o(.text.Speaker_Init) refers to speaker.o(.bss.speakerEnabled) for speakerEnabled
    speaker.o(.text.Speaker_Init) refers to system_stm32f10x.o(.text.SystemCoreClockUpdate) for SystemCoreClockUpdate
    speaker.o(.text.Speaker_Init) refers to system_stm32f10x.o(.data.SystemCoreClock) for SystemCoreClock
    speaker.o(.text.Speaker_Init) refers to speaker.o(.bss.speakerCompareValue) for speakerCompareValue
    speaker.o(.ARM.exidx.text.Speaker_Init) refers to speaker.o(.text.Speaker_Init) for [Anonymous Symbol]
    speaker.o(.text.Speaker_On) refers to speaker.o(.bss.speakerEnabled) for speakerEnabled
    speaker.o(.text.Speaker_On) refers to speaker.o(.bss.speakerCompareValue) for speakerCompareValue
    speaker.o(.ARM.exidx.text.Speaker_On) refers to speaker.o(.text.Speaker_On) for [Anonymous Symbol]
    speaker.o(.text.Speaker_Off) refers to speaker.o(.bss.speakerEnabled) for speakerEnabled
    speaker.o(.ARM.exidx.text.Speaker_Off) refers to speaker.o(.text.Speaker_Off) for [Anonymous Symbol]
    ps2_keyboard.o(.text.PS2_SetButtonTrigger) refers to ps2_keyboard.o(.bss.buttonTriggerActive) for buttonTriggerActive
    ps2_keyboard.o(.text.PS2_SetButtonTrigger) refers to ps2_keyboard.o(.bss.runSequenceState) for runSequenceState
    ps2_keyboard.o(.ARM.exidx.text.PS2_SetButtonTrigger) refers to ps2_keyboard.o(.text.PS2_SetButtonTrigger) for [Anonymous Symbol]
    ps2_keyboard.o(.text.PS2_Keyboard_Init) refers to system_stm32f10x.o(.text.SystemCoreClockUpdate) for SystemCoreClockUpdate
    ps2_keyboard.o(.text.PS2_Keyboard_Init) refers to system_stm32f10x.o(.data.SystemCoreClock) for SystemCoreClock
    ps2_keyboard.o(.ARM.exidx.text.PS2_Keyboard_Init) refers to ps2_keyboard.o(.text.PS2_Keyboard_Init) for [Anonymous Symbol]
    ps2_keyboard.o(.text.PS2_SetFlickerMode) refers to ps2_keyboard.o(.bss.flickerModeEnabled) for flickerModeEnabled
    ps2_keyboard.o(.text.PS2_SetFlickerMode) refers to ps2_keyboard.o(.bss.flickerPhaseOn) for flickerPhaseOn
    ps2_keyboard.o(.text.PS2_SetFlickerMode) refers to ps2_keyboard.o(.bss.flickerTickDivider) for flickerTickDivider
    ps2_keyboard.o(.text.PS2_SetFlickerMode) refers to ps2_keyboard.o(.bss.soundPatternIndex) for soundPatternIndex
    ps2_keyboard.o(.text.PS2_SetFlickerMode) refers to speaker.o(.text.Speaker_SetTone) for Speaker_SetTone
    ps2_keyboard.o(.text.PS2_SetFlickerMode) refers to speaker.o(.text.Speaker_On) for Speaker_On
    ps2_keyboard.o(.text.PS2_SetFlickerMode) refers to speaker.o(.text.Speaker_Off) for Speaker_Off
    ps2_keyboard.o(.text.PS2_SetFlickerMode) refers to ps2_keyboard.o(.bss.ledStateMask) for ledStateMask
    ps2_keyboard.o(.text.PS2_SetFlickerMode) refers to ps2_keyboard.o(.text.LED_ApplyMask) for LED_ApplyMask
    ps2_keyboard.o(.ARM.exidx.text.PS2_SetFlickerMode) refers to ps2_keyboard.o(.text.PS2_SetFlickerMode) for [Anonymous Symbol]
    ps2_keyboard.o(.ARM.exidx.text.LED_ApplyMask) refers to ps2_keyboard.o(.text.LED_ApplyMask) for [Anonymous Symbol]
    ps2_keyboard.o(.text.SysTick_Handler) refers to ps2_keyboard.o(.bss.runLightsPending) for runLightsPending
    ps2_keyboard.o(.text.SysTick_Handler) refers to ps2_keyboard.o(.bss.runLightsDelayTicks) for runLightsDelayTicks
    ps2_keyboard.o(.text.SysTick_Handler) refers to ps2_keyboard.o(.bss.runLightsActive) for runLightsActive
    ps2_keyboard.o(.text.SysTick_Handler) refers to ps2_keyboard.o(.bss.buttonTriggerActive) for buttonTriggerActive
    ps2_keyboard.o(.text.SysTick_Handler) refers to ps2_keyboard.o(.bss.runSpeakerActive) for runSpeakerActive
    ps2_keyboard.o(.text.SysTick_Handler) refers to ps2_keyboard.o(.bss.SysTick_Handler.scaryTick) for SysTick_Handler.scaryTick
    ps2_keyboard.o(.text.SysTick_Handler) refers to ps2_keyboard.o(.bss.soundPatternIndex) for soundPatternIndex
    ps2_keyboard.o(.text.SysTick_Handler) refers to speaker.o(.text.Speaker_Off) for Speaker_Off
    ps2_keyboard.o(.text.SysTick_Handler) refers to speaker.o(.text.Speaker_SetTone) for Speaker_SetTone
    ps2_keyboard.o(.text.SysTick_Handler) refers to speaker.o(.text.Speaker_On) for Speaker_On
    ps2_keyboard.o(.text.SysTick_Handler) refers to ps2_keyboard.o(.bss.flickerTickDivider) for flickerTickDivider
    ps2_keyboard.o(.text.SysTick_Handler) refers to ps2_keyboard.o(.bss.flickerPhaseOn) for flickerPhaseOn
    ps2_keyboard.o(.text.SysTick_Handler) refers to ps2_keyboard.o(.bss.ledStateMask) for ledStateMask
    ps2_keyboard.o(.text.SysTick_Handler) refers to ps2_keyboard.o(.text.LED_ApplyMask) for LED_ApplyMask
    ps2_keyboard.o(.ARM.exidx.text.SysTick_Handler) refers to ps2_keyboard.o(.text.SysTick_Handler) for [Anonymous Symbol]
    ps2_keyboard.o(.text.EXTI9_5_IRQHandler) refers to ps2_keyboard.o(.bss.ps2BitCount) for ps2BitCount
    ps2_keyboard.o(.text.EXTI9_5_IRQHandler) refers to ps2_keyboard.o(.bss.ps2DataByte) for ps2DataByte
    ps2_keyboard.o(.text.EXTI9_5_IRQHandler) refers to ps2_keyboard.o(.bss.ps2ExtendedCode) for ps2ExtendedCode
    ps2_keyboard.o(.text.EXTI9_5_IRQHandler) refers to ps2_keyboard.o(.bss.ps2BreakCode) for ps2BreakCode
    ps2_keyboard.o(.text.EXTI9_5_IRQHandler) refers to ps2_keyboard.o(.bss.runSequenceState) for runSequenceState
    ps2_keyboard.o(.text.EXTI9_5_IRQHandler) refers to ps2_keyboard.o(.bss.runSpeakerActive) for runSpeakerActive
    ps2_keyboard.o(.text.EXTI9_5_IRQHandler) refers to ps2_keyboard.o(.bss.runLightsActive) for runLightsActive
    ps2_keyboard.o(.text.EXTI9_5_IRQHandler) refers to ps2_keyboard.o(.bss.runLightsPending) for runLightsPending
    ps2_keyboard.o(.text.EXTI9_5_IRQHandler) refers to ps2_keyboard.o(.bss.runLightsDelayTicks) for runLightsDelayTicks
    ps2_keyboard.o(.text.EXTI9_5_IRQHandler) refers to ps2_keyboard.o(.bss.buttonTriggerActive) for buttonTriggerActive
    ps2_keyboard.o(.text.EXTI9_5_IRQHandler) refers to ps2_keyboard.o(.bss.ledStateMask) for ledStateMask
    ps2_keyboard.o(.text.EXTI9_5_IRQHandler) refers to ps2_keyboard.o(.bss.flickerModeEnabled) for flickerModeEnabled
    ps2_keyboard.o(.text.EXTI9_5_IRQHandler) refers to ps2_keyboard.o(.text.LED_ApplyMask) for LED_ApplyMask
    ps2_keyboard.o(.ARM.exidx.text.EXTI9_5_IRQHandler) refers to ps2_keyboard.o(.text.EXTI9_5_IRQHandler) for [Anonymous Symbol]
    gpio_stm32f10x.o(.ARM.exidx.text.GPIO_PortClock) refers to gpio_stm32f10x.o(.text.GPIO_PortClock) for [Anonymous Symbol]
    gpio_stm32f10x.o(.text.GPIO_GetPortClockState) refers to gpio_stm32f10x.o(.rodata..Lswitch.table.GPIO_PinConfigure.1) for .Lswitch.table.GPIO_PinConfigure.1
    gpio_stm32f10x.o(.ARM.exidx.text.GPIO_GetPortClockState) refers to gpio_stm32f10x.o(.text.GPIO_GetPortClockState) for [Anonymous Symbol]
    gpio_stm32f10x.o(.text.GPIO_PinConfigure) refers to gpio_stm32f10x.o(.rodata..Lswitch.table.GPIO_PinConfigure.1) for .Lswitch.table.GPIO_PinConfigure.1
    gpio_stm32f10x.o(.ARM.exidx.text.GPIO_PinConfigure) refers to gpio_stm32f10x.o(.text.GPIO_PinConfigure) for [Anonymous Symbol]
    gpio_stm32f10x.o(.ARM.exidx.text.GPIO_AFConfigure) refers to gpio_stm32f10x.o(.text.GPIO_AFConfigure) for [Anonymous Symbol]
    startup_stm32f10x_md.o(STACK) refers (Special) to heapauxi.o(.text) for __use_two_region_memory
    startup_stm32f10x_md.o(HEAP) refers (Special) to heapauxi.o(.text) for __use_two_region_memory
    startup_stm32f10x_md.o(RESET) refers (Special) to heapauxi.o(.text) for __use_two_region_memory
    startup_stm32f10x_md.o(RESET) refers to startup_stm32f10x_md.o(STACK) for __initial_sp
    startup_stm32f10x_md.o(RESET) refers to startup_stm32f10x_md.o(.text) for Reset_Handler
    startup_stm32f10x_md.o(RESET) refers to ps2_keyboard.o(.text.SysTick_Handler) for SysTick_Handler
    startup_stm32f10x_md.o(RESET) refers to button.o(.text.EXTI1_IRQHandler) for EXTI1_IRQHandler
    startup_stm32f10x_md.o(RESET) refers to ps2_keyboard.o(.text.EXTI9_5_IRQHandler) for EXTI9_5_IRQHandler
    startup_stm32f10x_md.o(.text) refers (Special) to heapauxi.o(.text) for __use_two_region_memory
    startup_stm32f10x_md.o(.text) refers to system_stm32f10x.o(.text.SystemInit) for SystemInit
    startup_stm32f10x_md.o(.text) refers to __main.o(!!!main) for __main
    startup_stm32f10x_md.o(.text) refers to startup_stm32f10x_md.o(HEAP) for Heap_Mem
    startup_stm32f10x_md.o(.text) refers to startup_stm32f10x_md.o(STACK) for Stack_Mem
    system_stm32f10x.o(.ARM.exidx.text.SystemInit) refers to system_stm32f10x.o(.text.SystemInit) for [Anonymous Symbol]
    system_stm32f10x.o(.text.SystemCoreClockUpdate) refers to system_stm32f10x.o(.data.SystemCoreClock) for SystemCoreClock
    system_stm32f10x.o(.text.SystemCoreClockUpdate) refers to system_stm32f10x.o(.rodata.AHBPrescTable) for AHBPrescTable
    system_stm32f10x.o(.ARM.exidx.text.SystemCoreClockUpdate) refers to system_stm32f10x.o(.text.SystemCoreClockUpdate) for [Anonymous Symbol]
    __main.o(!!!main) refers to __rtentry.o(.ARM.Collect$$rtentry$$00000000) for __rt_entry
    __rtentry.o(.ARM.Collect$$rtentry$$00000000) refers (Special) to __rtentry2.o(.ARM.Collect$$rtentry$$0000000A) for __rt_entry_li
    __rtentry.o(.ARM.Collect$$rtentry$$00000000) refers (Special) to __rtentry2.o(.ARM.Collect$$rtentry$$0000000D) for __rt_entry_main
    __rtentry.o(.ARM.Collect$$rtentry$$00000000) refers (Special) to __rtentry2.o(.ARM.Collect$$rtentry$$0000000C) for __rt_entry_postli_1
    __rtentry.o(.ARM.Collect$$rtentry$$00000000) refers (Special) to __rtentry2.o(.ARM.Collect$$rtentry$$00000009) for __rt_entry_postsh_1
    __rtentry.o(.ARM.Collect$$rtentry$$00000000) refers (Special) to __rtentry2.o(.ARM.Collect$$rtentry$$00000002) for __rt_entry_presh_1
    __rtentry.o(.ARM.Collect$$rtentry$$00000000) refers (Special) to __rtentry4.o(.ARM.Collect$$rtentry$$00000004) for __rt_entry_sh
    __rtentry2.o(.ARM.Collect$$rtentry$$00000008) refers to boardinit2.o(.text) for _platform_post_stackheap_init
    __rtentry2.o(.ARM.Collect$$rtentry$$0000000A) refers to libinit.o(.ARM.Collect$$libinit$$00000000) for __rt_lib_init
    __rtentry2.o(.ARM.Collect$$rtentry$$0000000B) refers to boardinit3.o(.text) for _platform_post_lib_init
    __rtentry2.o(.ARM.Collect$$rtentry$$0000000D) refers to main.o(.text.main) for main
    __rtentry2.o(.ARM.Collect$$rtentry$$0000000D) refers to exit.o(.text) for exit
    __rtentry2.o(.ARM.exidx) refers to __rtentry2.o(.ARM.Collect$$rtentry$$00000001) for .ARM.Collect$$rtentry$$00000001
    __rtentry2.o(.ARM.exidx) refers to __rtentry2.o(.ARM.Collect$$rtentry$$00000008) for .ARM.Collect$$rtentry$$00000008
    __rtentry2.o(.ARM.exidx) refers to __rtentry2.o(.ARM.Collect$$rtentry$$0000000A) for .ARM.Collect$$rtentry$$0000000A
    __rtentry2.o(.ARM.exidx) refers to __rtentry2.o(.ARM.Collect$$rtentry$$0000000B) for .ARM.Collect$$rtentry$$0000000B
    __rtentry2.o(.ARM.exidx) refers to __rtentry2.o(.ARM.Collect$$rtentry$$0000000D) for .ARM.Collect$$rtentry$$0000000D
    __rtentry4.o(.ARM.Collect$$rtentry$$00000004) refers to sys_stackheap_outer.o(.text) for __user_setup_stackheap
    __rtentry4.o(.ARM.exidx) refers to __rtentry4.o(.ARM.Collect$$rtentry$$00000004) for .ARM.Collect$$rtentry$$00000004
    sys_stackheap_outer.o(.text) refers to libspace.o(.text) for __user_perproc_libspace
    sys_stackheap_outer.o(.text) refers to startup_stm32f10x_md.o(.text) for __user_initial_stackheap
    exit.o(.text) refers to rtexit.o(.ARM.Collect$$rtexit$$00000000) for __rt_exit
    libinit.o(.ARM.Collect$$libinit$$00000000) refers (Special) to libinit2.o(.ARM.Collect$$libinit$$00000030) for __rt_lib_init_alloca_1
    libinit.o(.ARM.Collect$$libinit$$00000000) refers (Special) to libinit2.o(.ARM.Collect$$libinit$$0000002E) for __rt_lib_init_argv_1
    libinit.o(.ARM.Collect$$libinit$$00000000) refers (Special) to libinit2.o(.ARM.Collect$$libinit$$0000001D) for __rt_lib_init_atexit_1
    libinit.o(.ARM.Collect$$libinit$$00000000) refers (Special) to libinit2.o(.ARM.Collect$$libinit$$00000023) for __rt_lib_init_clock_1
    libinit.o(.ARM.Collect$$libinit$$00000000) refers (Special) to libinit2.o(.ARM.Collect$$libinit$$00000034) for __rt_lib_init_cpp_1
    libinit.o(.ARM.Collect$$libinit$$00000000) refers (Special) to libinit2.o(.ARM.Collect$$libinit$$00000032) for __rt_lib_init_exceptions_1
    libinit.o(.ARM.Collect$$libinit$$00000000) refers (Special) to libinit2.o(.ARM.Collect$$libinit$$00000002) for __rt_lib_init_fp_1
    libinit.o(.ARM.Collect$$libinit$$00000000) refers (Special) to libinit2.o(.ARM.Collect$$libinit$$00000021) for __rt_lib_init_fp_trap_1
    libinit.o(.ARM.Collect$$libinit$$00000000) refers (Special) to libinit2.o(.ARM.Collect$$libinit$$00000025) for __rt_lib_init_getenv_1
    libinit.o(.ARM.Collect$$libinit$$00000000) refers (Special) to libinit2.o(.ARM.Collect$$libinit$$0000000C) for __rt_lib_init_heap_1
    libinit.o(.ARM.Collect$$libinit$$00000000) refers (Special) to libinit2.o(.ARM.Collect$$libinit$$00000013) for __rt_lib_init_lc_collate_1
    libinit.o(.ARM.Collect$$libinit$$00000000) refers (Special) to libinit2.o(.ARM.Collect$$libinit$$00000015) for __rt_lib_init_lc_ctype_1
    libinit.o(.ARM.Collect$$libinit$$00000000) refers (Special) to libinit2.o(.ARM.Collect$$libinit$$00000017) for __rt_lib_init_lc_monetary_1
    libinit.o(.ARM.Collect$$libinit$$00000000) refers (Special) to libinit2.o(.ARM.Collect$$libinit$$00000019) for __rt_lib_init_lc_numeric_1
    libinit.o(.ARM.Collect$$libinit$$00000000) refers (Special) to libinit2.o(.ARM.Collect$$libinit$$0000001B) for __rt_lib_init_lc_time_1
    libinit.o(.ARM.Collect$$libinit$$00000000) refers (Special) to libinit2.o(.ARM.Collect$$libinit$$00000006) for __rt_lib_init_preinit_1
    libinit.o(.ARM.Collect$$libinit$$00000000) refers (Special) to libinit2.o(.ARM.Collect$$libinit$$00000010) for __rt_lib_init_rand_1
    libinit.o(.ARM.Collect$$libinit$$00000000) refers (Special) to libinit2.o(.ARM.Collect$$libinit$$00000004) for __rt_lib_init_relocate_pie_1
    libinit.o(.ARM.Collect$$libinit$$00000000) refers (Special) to libinit2.o(.ARM.Collect$$libinit$$00000035) for __rt_lib_init_return
    libinit.o(.ARM.Collect$$libinit$$00000000) refers (Special) to libinit2.o(.ARM.Collect$$libinit$$0000001F) for __rt_lib_init_signal_1
    libinit.o(.ARM.Collect$$libinit$$00000000) refers (Special) to libinit2.o(.ARM.Collect$$libinit$$00000027) for __rt_lib_init_stdio_1
    libinit.o(.ARM.Collect$$libinit$$00000000) refers (Special) to libinit2.o(.ARM.Collect$$libinit$$0000000E) for __rt_lib_init_user_alloc_1
    libspace.o(.text) refers to libspace.o(.bss) for __libspace_start
    rtexit.o(.ARM.Collect$$rtexit$$00000000) refers (Special) to rtexit2.o(.ARM.Collect$$rtexit$$00000004) for __rt_exit_exit
    rtexit.o(.ARM.Collect$$rtexit$$00000000) refers (Special) to rtexit2.o(.ARM.Collect$$rtexit$$00000003) for __rt_exit_ls
    rtexit.o(.ARM.Collect$$rtexit$$00000000) refers (Special) to rtexit2.o(.ARM.Collect$$rtexit$$00000002) for __rt_exit_prels_1
    rtexit.o(.ARM.exidx) refers (Special) to rtexit2.o(.ARM.Collect$$rtexit$$00000004) for __rt_exit_exit
    rtexit.o(.ARM.exidx) refers (Special) to rtexit2.o(.ARM.Collect$$rtexit$$00000003) for __rt_exit_ls
    rtexit.o(.ARM.exidx) refers (Special) to rtexit2.o(.ARM.Collect$$rtexit$$00000002) for __rt_exit_prels_1
    rtexit.o(.ARM.exidx) refers to rtexit.o(.ARM.Collect$$rtexit$$00000000) for .ARM.Collect$$rtexit$$00000000
    libinit2.o(.ARM.Collect$$libinit$$00000012) refers to libinit2.o(.ARM.Collect$$libinit$$00000011) for .ARM.Collect$$libinit$$00000011
    libinit2.o(.ARM.Collect$$libinit$$00000014) refers to libinit2.o(.ARM.Collect$$libinit$$00000011) for .ARM.Collect$$libinit$$00000011
    libinit2.o(.ARM.Collect$$libinit$$00000016) refers to libinit2.o(.ARM.Collect$$libinit$$00000011) for .ARM.Collect$$libinit$$00000011
    libinit2.o(.ARM.Collect$$libinit$$00000018) refers to libinit2.o(.ARM.Collect$$libinit$$00000011) for .ARM.Collect$$libinit$$00000011
    libinit2.o(.ARM.Collect$$libinit$$0000001A) refers to libinit2.o(.ARM.Collect$$libinit$$00000011) for .ARM.Collect$$libinit$$00000011
    libinit2.o(.ARM.Collect$$libinit$$00000028) refers to argv_veneer.o(.emb_text) for __ARM_argv_veneer
    libinit2.o(.ARM.Collect$$libinit$$00000029) refers to argv_veneer.o(.emb_text) for __ARM_argv_veneer
    rtexit2.o(.ARM.Collect$$rtexit$$00000003) refers to libshutdown.o(.ARM.Collect$$libshutdown$$00000000) for __rt_lib_shutdown
    rtexit2.o(.ARM.Collect$$rtexit$$00000004) refers to sys_exit.o(.text) for _sys_exit
    rtexit2.o(.ARM.exidx) refers to rtexit2.o(.ARM.Collect$$rtexit$$00000001) for .ARM.Collect$$rtexit$$00000001
    rtexit2.o(.ARM.exidx) refers to rtexit2.o(.ARM.Collect$$rtexit$$00000003) for .ARM.Collect$$rtexit$$00000003
    rtexit2.o(.ARM.exidx) refers to rtexit2.o(.ARM.Collect$$rtexit$$00000004) for .ARM.Collect$$rtexit$$00000004
    argv_veneer.o(.emb_text) refers to no_argv.o(.text) for __ARM_get_argv
    sys_exit.o(.text) refers (Special) to use_no_semi.o(.text) for __I$use$semihosting
    sys_exit.o(.text) refers (Special) to indicate_semi.o(.text) for __semihosting_library_function
    sys_exit_hlt.o(.text) refers (Special) to use_no_semi.o(.text) for __I$use$semihosting
    sys_exit_hlt.o(.text) refers (Special) to indicate_semi.o(.text) for __semihosting_library_function
    _get_argv_nomalloc.o(.text) refers (Special) to hrguard.o(.text) for __heap_region$guard
    _get_argv_nomalloc.o(.text) refers to defsig_rtmem_outer.o(.text) for __rt_SIGRTMEM
    _get_argv_nomalloc.o(.text) refers to sys_command.o(.text) for _sys_command_string
    libshutdown.o(.ARM.Collect$$libshutdown$$00000000) refers (Special) to libshutdown2.o(.ARM.Collect$$libshutdown$$00000002) for __rt_lib_shutdown_cpp_1
    libshutdown.o(.ARM.Collect$$libshutdown$$00000000) refers (Special) to libshutdown2.o(.ARM.Collect$$libshutdown$$00000007) for __rt_lib_shutdown_fp_trap_1
    libshutdown.o(.ARM.Collect$$libshutdown$$00000000) refers (Special) to libshutdown2.o(.ARM.Collect$$libshutdown$$0000000F) for __rt_lib_shutdown_heap_1
    libshutdown.o(.ARM.Collect$$libshutdown$$00000000) refers (Special) to libshutdown2.o(.ARM.Collect$$libshutdown$$00000010) for __rt_lib_shutdown_return
    libshutdown.o(.ARM.Collect$$libshutdown$$00000000) refers (Special) to libshutdown2.o(.ARM.Collect$$libshutdown$$0000000A) for __rt_lib_shutdown_signal_1
    libshutdown.o(.ARM.Collect$$libshutdown$$00000000) refers (Special) to libshutdown2.o(.ARM.Collect$$libshutdown$$00000004) for __rt_lib_shutdown_stdio_1
    libshutdown.o(.ARM.Collect$$libshutdown$$00000000) refers (Special) to libshutdown2.o(.ARM.Collect$$libshutdown$$0000000C) for __rt_lib_shutdown_user_alloc_1
    sys_command.o(.text) refers (Special) to use_no_semi.o(.text) for __I$use$semihosting
    sys_command.o(.text) refers (Special) to indicate_semi.o(.text) for __semihosting_library_function
    sys_command_hlt.o(.text) refers (Special) to use_no_semi.o(.text) for __I$use$semihosting
    sys_command_hlt.o(.text) refers (Special) to indicate_semi.o(.text) for __semihosting_library_function
    defsig_rtmem_outer.o(.text) refers to defsig_rtmem_inner.o(.text) for __rt_SIGRTMEM_inner
    defsig_rtmem_outer.o(.text) refers to defsig_exit.o(.text) for __sig_exit
    defsig_rtmem_formal.o(.text) refers to rt_raise.o(.text) for __rt_raise
    rt_raise.o(.text) refers to __raise.o(.text) for __raise
    rt_raise.o(.text) refers to sys_exit.o(.text) for _sys_exit
    defsig_exit.o(.text) refers to sys_exit.o(.text) for _sys_exit
    defsig_rtmem_inner.o(.text) refers to defsig_general.o(.text) for __default_signal_display
    __raise.o(.text) refers to defsig.o(CL$$defsig) for __default_signal_handler
    defsig_general.o(.text) refers to sys_wrch.o(.text) for _ttywrch
    sys_wrch.o(.text) refers (Special) to use_no_semi.o(.text) for __I$use$semihosting
    sys_wrch.o(.text) refers (Special) to indicate_semi.o(.text) for __semihosting_library_function
    sys_wrch_hlt.o(.text) refers (Special) to use_no_semi.o(.text) for __I$use$semihosting
    sys_wrch_hlt.o(.text) refers (Special) to indicate_semi.o(.text) for __semihosting_library_function
    defsig.o(CL$$defsig) refers to defsig_rtmem_inner.o(.text) for __rt_SIGRTMEM_inner
    defsig_abrt_inner.o(.text) refers to defsig_general.o(.text) for __default_signal_display
    defsig_fpe_inner.o(.text) refers to defsig_general.o(.text) for __default_signal_display
    defsig_rtred_inner.o(.text) refers to defsig_general.o(.text) for __default_signal_display
    defsig_stak_inner.o(.text) refers to defsig_general.o(.text) for __default_signal_display
    defsig_pvfn_inner.o(.text) refers to defsig_general.o(.text) for __default_signal_display
    defsig_cppl_inner.o(.text) refers to defsig_general.o(.text) for __default_signal_display
    defsig_segv_inner.o(.text) refers to defsig_general.o(.text) for __default_signal_display
    defsig_other.o(.text) refers to defsig_general.o(.text) for __default_signal_display


==============================================================================

Removing Unused input sections from the image.

    Removing button.o(.text), (0 bytes).
    Removing button.o(.ARM.exidx.text.Button_Init), (8 bytes).
    Removing button.o(.text.Button_IsPressed), (12 bytes).
    Removing button.o(.ARM.exidx.text.Button_IsPressed), (8 bytes).
    Removing button.o(.ARM.exidx.text.EXTI1_IRQHandler), (8 bytes).
    Removing main.o(.text), (0 bytes).
    Removing main.o(.ARM.exidx.text.main), (8 bytes).
    Removing main.o(.ARM.use_no_argv), (4 bytes).
    Removing speaker.o(.text), (0 bytes).
    Removing speaker.o(.ARM.exidx.text.Speaker_SetTone), (8 bytes).
    Removing speaker.o(.ARM.exidx.text.Speaker_Init), (8 bytes).
    Removing speaker.o(.ARM.exidx.text.Speaker_On), (8 bytes).
    Removing speaker.o(.ARM.exidx.text.Speaker_Off), (8 bytes).
    Removing ps2_keyboard.o(.text), (0 bytes).
    Removing ps2_keyboard.o(.ARM.exidx.text.PS2_SetButtonTrigger), (8 bytes).
    Removing ps2_keyboard.o(.ARM.exidx.text.PS2_Keyboard_Init), (8 bytes).
    Removing ps2_keyboard.o(.text.PS2_SetFlickerMode), (152 bytes).
    Removing ps2_keyboard.o(.ARM.exidx.text.PS2_SetFlickerMode), (8 bytes).
    Removing ps2_keyboard.o(.ARM.exidx.text.LED_ApplyMask), (8 bytes).
    Removing ps2_keyboard.o(.ARM.exidx.text.SysTick_Handler), (8 bytes).
    Removing ps2_keyboard.o(.ARM.exidx.text.EXTI9_5_IRQHandler), (8 bytes).
    Removing gpio_stm32f10x.o(.text), (0 bytes).
    Removing gpio_stm32f10x.o(.text.GPIO_PortClock), (170 bytes).
    Removing gpio_stm32f10x.o(.ARM.exidx.text.GPIO_PortClock), (8 bytes).
    Removing gpio_stm32f10x.o(.text.GPIO_GetPortClockState), (50 bytes).
    Removing gpio_stm32f10x.o(.ARM.exidx.text.GPIO_GetPortClockState), (8 bytes).
    Removing gpio_stm32f10x.o(.text.GPIO_PinConfigure), (164 bytes).
    Removing gpio_stm32f10x.o(.ARM.exidx.text.GPIO_PinConfigure), (8 bytes).
    Removing gpio_stm32f10x.o(.text.GPIO_AFConfigure), (128 bytes).
    Removing gpio_stm32f10x.o(.ARM.exidx.text.GPIO_AFConfigure), (8 bytes).
    Removing gpio_stm32f10x.o(.rodata..Lswitch.table.GPIO_PinConfigure.1), (28 bytes).
    Removing system_stm32f10x.o(.text), (0 bytes).
    Removing system_stm32f10x.o(.ARM.exidx.text.SystemInit), (8 bytes).
    Removing system_stm32f10x.o(.ARM.exidx.text.SystemCoreClockUpdate), (8 bytes).

34 unused section(s) (total 868 bytes) removed from the image.

==============================================================================

Image Symbol Table

    Local Symbols

    Symbol Name                              Value     Ov Type        Size  Object(Section)

    ../clib/angel/boardlib.s                 0x00000000   Number         0  boardinit1.o ABSOLUTE
    ../clib/angel/boardlib.s                 0x00000000   Number         0  boardinit2.o ABSOLUTE
    ../clib/angel/boardlib.s                 0x00000000   Number         0  boardinit3.o ABSOLUTE
    ../clib/angel/boardlib.s                 0x00000000   Number         0  boardshut.o ABSOLUTE
    ../clib/angel/handlers.s                 0x00000000   Number         0  __scatter_copy.o ABSOLUTE
    ../clib/angel/handlers.s                 0x00000000   Number         0  __scatter_zi.o ABSOLUTE
    ../clib/angel/kernel.s                   0x00000000   Number         0  __rtentry.o ABSOLUTE
    ../clib/angel/kernel.s                   0x00000000   Number         0  __rtentry2.o ABSOLUTE
    ../clib/angel/kernel.s                   0x00000000   Number         0  __rtentry4.o ABSOLUTE
    ../clib/angel/kernel.s                   0x00000000   Number         0  rtexit.o ABSOLUTE
    ../clib/angel/kernel.s                   0x00000000   Number         0  rtexit2.o ABSOLUTE
    ../clib/angel/rt.s                       0x00000000   Number         0  rt_raise.o ABSOLUTE
    ../clib/angel/scatter.s                  0x00000000   Number         0  __scatter.o ABSOLUTE
    ../clib/angel/startup.s                  0x00000000   Number         0  __main.o ABSOLUTE
    ../clib/angel/sys.s                      0x00000000   Number         0  sys_stackheap_outer.o ABSOLUTE
    ../clib/angel/sys.s                      0x00000000   Number         0  libspace.o ABSOLUTE
    ../clib/angel/sys.s                      0x00000000   Number         0  use_no_semi.o ABSOLUTE
    ../clib/angel/sys.s                      0x00000000   Number         0  indicate_semi.o ABSOLUTE
    ../clib/angel/sysapp.c                   0x00000000   Number         0  sys_exit.o ABSOLUTE
    ../clib/angel/sysapp.c                   0x00000000   Number         0  sys_exit_hlt.o ABSOLUTE
    ../clib/angel/sysapp.c                   0x00000000   Number         0  sys_command.o ABSOLUTE
    ../clib/angel/sysapp.c                   0x00000000   Number         0  sys_command_hlt.o ABSOLUTE
    ../clib/angel/sysapp.c                   0x00000000   Number         0  sys_wrch.o ABSOLUTE
    ../clib/angel/sysapp.c                   0x00000000   Number         0  sys_wrch_hlt.o ABSOLUTE
    ../clib/armsys.c                         0x00000000   Number         0  argv_veneer.o ABSOLUTE
    ../clib/armsys.c                         0x00000000   Number         0  argv_veneer.o ABSOLUTE
    ../clib/armsys.c                         0x00000000   Number         0  _get_argv_nomalloc.o ABSOLUTE
    ../clib/armsys.c                         0x00000000   Number         0  no_argv.o ABSOLUTE
    ../clib/heapalloc.c                      0x00000000   Number         0  hrguard.o ABSOLUTE
    ../clib/heapaux.c                        0x00000000   Number         0  heapauxi.o ABSOLUTE
    ../clib/libinit.s                        0x00000000   Number         0  libinit.o ABSOLUTE
    ../clib/libinit.s                        0x00000000   Number         0  libinit2.o ABSOLUTE
    ../clib/libinit.s                        0x00000000   Number         0  libshutdown.o ABSOLUTE
    ../clib/libinit.s                        0x00000000   Number         0  libshutdown2.o ABSOLUTE
    ../clib/signal.c                         0x00000000   Number         0  defsig_rtmem_outer.o ABSOLUTE
    ../clib/signal.c                         0x00000000   Number         0  defsig_rtmem_formal.o ABSOLUTE
    ../clib/signal.c                         0x00000000   Number         0  defsig_exit.o ABSOLUTE
    ../clib/signal.c                         0x00000000   Number         0  defsig_rtmem_inner.o ABSOLUTE
    ../clib/signal.c                         0x00000000   Number         0  __raise.o ABSOLUTE
    ../clib/signal.c                         0x00000000   Number         0  defsig_general.o ABSOLUTE
    ../clib/signal.c                         0x00000000   Number         0  defsig_abrt_inner.o ABSOLUTE
    ../clib/signal.c                         0x00000000   Number         0  defsig_fpe_inner.o ABSOLUTE
    ../clib/signal.c                         0x00000000   Number         0  defsig_rtred_inner.o ABSOLUTE
    ../clib/signal.c                         0x00000000   Number         0  defsig_stak_inner.o ABSOLUTE
    ../clib/signal.c                         0x00000000   Number         0  defsig_pvfn_inner.o ABSOLUTE
    ../clib/signal.c                         0x00000000   Number         0  defsig_cppl_inner.o ABSOLUTE
    ../clib/signal.c                         0x00000000   Number         0  defsig_segv_inner.o ABSOLUTE
    ../clib/signal.c                         0x00000000   Number         0  defsig_other.o ABSOLUTE
    ../clib/signal.s                         0x00000000   Number         0  defsig.o ABSOLUTE
    ../clib/stdlib.c                         0x00000000   Number         0  exit.o ABSOLUTE
    ../fplib/fpinit.s                        0x00000000   Number         0  fpinit.o ABSOLUTE
    ../fplib/fpinit_empty.s                  0x00000000   Number         0  fpinit_empty.o ABSOLUTE
    GPIO_STM32F10x.c                         0x00000000   Number         0  gpio_stm32f10x.o ABSOLUTE
    RTE/Device/STM32F103RB/startup_stm32f10x_md.s 0x00000000   Number         0  startup_stm32f10x_md.o ABSOLUTE
    button.c                                 0x00000000   Number         0  button.o ABSOLUTE
    dc.s                                     0x00000000   Number         0  dc.o ABSOLUTE
    main.c                                   0x00000000   Number         0  main.o ABSOLUTE
    ps2_keyboard.c                           0x00000000   Number         0  ps2_keyboard.o ABSOLUTE
    speaker.c                                0x00000000   Number         0  speaker.o ABSOLUTE
    system_stm32f10x.c                       0x00000000   Number         0  system_stm32f10x.o ABSOLUTE
    RESET                                    0x08000000   Section      236  startup_stm32f10x_md.o(RESET)
    !!!main                                  0x080000ec   Section        8  __main.o(!!!main)
    !!!scatter                               0x080000f4   Section       92  __scatter.o(!!!scatter)
    !!handler_copy                           0x08000150   Section       26  __scatter_copy.o(!!handler_copy)
    !!handler_null                           0x0800016c   Section        2  __scatter.o(!!handler_null)
    !!handler_zi                             0x08000170   Section       28  __scatter_zi.o(!!handler_zi)
    .ARM.Collect$$libinit$$00000000          0x0800018c   Section        2  libinit.o(.ARM.Collect$$libinit$$00000000)
    .ARM.Collect$$libinit$$00000002          0x0800018e   Section        0  libinit2.o(.ARM.Collect$$libinit$$00000002)
    .ARM.Collect$$libinit$$00000004          0x0800018e   Section        0  libinit2.o(.ARM.Collect$$libinit$$00000004)
    .ARM.Collect$$libinit$$00000006          0x0800018e   Section        0  libinit2.o(.ARM.Collect$$libinit$$00000006)
    .ARM.Collect$$libinit$$0000000C          0x0800018e   Section        0  libinit2.o(.ARM.Collect$$libinit$$0000000C)
    .ARM.Collect$$libinit$$0000000E          0x0800018e   Section        0  libinit2.o(.ARM.Collect$$libinit$$0000000E)
    .ARM.Collect$$libinit$$00000010          0x0800018e   Section        0  libinit2.o(.ARM.Collect$$libinit$$00000010)
    .ARM.Collect$$libinit$$00000013          0x0800018e   Section        0  libinit2.o(.ARM.Collect$$libinit$$00000013)
    .ARM.Collect$$libinit$$00000015          0x0800018e   Section        0  libinit2.o(.ARM.Collect$$libinit$$00000015)
    .ARM.Collect$$libinit$$00000017          0x0800018e   Section        0  libinit2.o(.ARM.Collect$$libinit$$00000017)
    .ARM.Collect$$libinit$$00000019          0x0800018e   Section        0  libinit2.o(.ARM.Collect$$libinit$$00000019)
    .ARM.Collect$$libinit$$0000001B          0x0800018e   Section        0  libinit2.o(.ARM.Collect$$libinit$$0000001B)
    .ARM.Collect$$libinit$$0000001D          0x0800018e   Section        0  libinit2.o(.ARM.Collect$$libinit$$0000001D)
    .ARM.Collect$$libinit$$0000001F          0x0800018e   Section        0  libinit2.o(.ARM.Collect$$libinit$$0000001F)
    .ARM.Collect$$libinit$$00000021          0x0800018e   Section        0  libinit2.o(.ARM.Collect$$libinit$$00000021)
    .ARM.Collect$$libinit$$00000023          0x0800018e   Section        0  libinit2.o(.ARM.Collect$$libinit$$00000023)
    .ARM.Collect$$libinit$$00000025          0x0800018e   Section        0  libinit2.o(.ARM.Collect$$libinit$$00000025)
    .ARM.Collect$$libinit$$00000027          0x0800018e   Section        0  libinit2.o(.ARM.Collect$$libinit$$00000027)
    .ARM.Collect$$libinit$$0000002E          0x0800018e   Section        0  libinit2.o(.ARM.Collect$$libinit$$0000002E)
    .ARM.Collect$$libinit$$00000030          0x0800018e   Section        0  libinit2.o(.ARM.Collect$$libinit$$00000030)
    .ARM.Collect$$libinit$$00000032          0x0800018e   Section        0  libinit2.o(.ARM.Collect$$libinit$$00000032)
    .ARM.Collect$$libinit$$00000034          0x0800018e   Section        0  libinit2.o(.ARM.Collect$$libinit$$00000034)
    .ARM.Collect$$libinit$$00000035          0x0800018e   Section        2  libinit2.o(.ARM.Collect$$libinit$$00000035)
    .ARM.Collect$$libshutdown$$00000000      0x08000190   Section        2  libshutdown.o(.ARM.Collect$$libshutdown$$00000000)
    .ARM.Collect$$libshutdown$$00000002      0x08000192   Section        0  libshutdown2.o(.ARM.Collect$$libshutdown$$00000002)
    .ARM.Collect$$libshutdown$$00000004      0x08000192   Section        0  libshutdown2.o(.ARM.Collect$$libshutdown$$00000004)
    .ARM.Collect$$libshutdown$$00000007      0x08000192   Section        0  libshutdown2.o(.ARM.Collect$$libshutdown$$00000007)
    .ARM.Collect$$libshutdown$$0000000A      0x08000192   Section        0  libshutdown2.o(.ARM.Collect$$libshutdown$$0000000A)
    .ARM.Collect$$libshutdown$$0000000C      0x08000192   Section        0  libshutdown2.o(.ARM.Collect$$libshutdown$$0000000C)
    .ARM.Collect$$libshutdown$$0000000F      0x08000192   Section        0  libshutdown2.o(.ARM.Collect$$libshutdown$$0000000F)
    .ARM.Collect$$libshutdown$$00000010      0x08000192   Section        2  libshutdown2.o(.ARM.Collect$$libshutdown$$00000010)
    .ARM.Collect$$rtentry$$00000000          0x08000194   Section        0  __rtentry.o(.ARM.Collect$$rtentry$$00000000)
    .ARM.Collect$$rtentry$$00000002          0x08000194   Section        0  __rtentry2.o(.ARM.Collect$$rtentry$$00000002)
    .ARM.Collect$$rtentry$$00000004          0x08000194   Section        6  __rtentry4.o(.ARM.Collect$$rtentry$$00000004)
    .ARM.Collect$$rtentry$$00000009          0x0800019a   Section        0  __rtentry2.o(.ARM.Collect$$rtentry$$00000009)
    .ARM.Collect$$rtentry$$0000000A          0x0800019a   Section        4  __rtentry2.o(.ARM.Collect$$rtentry$$0000000A)
    .ARM.Collect$$rtentry$$0000000C          0x0800019e   Section        0  __rtentry2.o(.ARM.Collect$$rtentry$$0000000C)
    .ARM.Collect$$rtentry$$0000000D          0x0800019e   Section        8  __rtentry2.o(.ARM.Collect$$rtentry$$0000000D)
    .ARM.Collect$$rtexit$$00000000           0x080001a6   Section        2  rtexit.o(.ARM.Collect$$rtexit$$00000000)
    .ARM.Collect$$rtexit$$00000002           0x080001a8   Section        0  rtexit2.o(.ARM.Collect$$rtexit$$00000002)
    .ARM.Collect$$rtexit$$00000003           0x080001a8   Section        4  rtexit2.o(.ARM.Collect$$rtexit$$00000003)
    .ARM.Collect$$rtexit$$00000004           0x080001ac   Section        6  rtexit2.o(.ARM.Collect$$rtexit$$00000004)
    .text                                    0x080001b4   Section       64  startup_stm32f10x_md.o(.text)
    .text                                    0x080001f4   Section        0  heapauxi.o(.text)
    .text                                    0x080001fa   Section       74  sys_stackheap_outer.o(.text)
    .text                                    0x08000244   Section        0  exit.o(.text)
    .text                                    0x08000258   Section        8  libspace.o(.text)
    .text                                    0x08000260   Section        0  sys_exit.o(.text)
    .text                                    0x0800026c   Section        2  use_no_semi.o(.text)
    .text                                    0x0800026e   Section        0  indicate_semi.o(.text)
    [Anonymous Symbol]                       0x08000270   Section        0  button.o(.text.Button_Init)
    [Anonymous Symbol]                       0x08000318   Section        0  button.o(.text.EXTI1_IRQHandler)
    [Anonymous Symbol]                       0x08000348   Section        0  ps2_keyboard.o(.text.EXTI9_5_IRQHandler)
    LED_ApplyMask                            0x080005e5   Thumb Code   306  ps2_keyboard.o(.text.LED_ApplyMask)
    [Anonymous Symbol]                       0x080005e4   Section        0  ps2_keyboard.o(.text.LED_ApplyMask)
    [Anonymous Symbol]                       0x08000718   Section        0  ps2_keyboard.o(.text.PS2_Keyboard_Init)
    [Anonymous Symbol]                       0x08000a1c   Section        0  ps2_keyboard.o(.text.PS2_SetButtonTrigger)
    [Anonymous Symbol]                       0x08000a44   Section        0  speaker.o(.text.Speaker_Init)
    [Anonymous Symbol]                       0x08000b40   Section        0  speaker.o(.text.Speaker_Off)
    [Anonymous Symbol]                       0x08000b58   Section        0  speaker.o(.text.Speaker_On)
    [Anonymous Symbol]                       0x08000b7c   Section        0  speaker.o(.text.Speaker_SetTone)
    [Anonymous Symbol]                       0x08000bf4   Section        0  ps2_keyboard.o(.text.SysTick_Handler)
    SysTick_Handler.highWail                 0x08000dc0   Number         0  ps2_keyboard.o(.text.SysTick_Handler)
    SysTick_Handler.eerieRise                0x08000dd0   Number         0  ps2_keyboard.o(.text.SysTick_Handler)
    SysTick_Handler.whisperBand              0x08000de0   Number         0  ps2_keyboard.o(.text.SysTick_Handler)
    [Anonymous Symbol]                       0x08000df0   Section        0  system_stm32f10x.o(.text.SystemCoreClockUpdate)
    [Anonymous Symbol]                       0x08000e50   Section        0  system_stm32f10x.o(.text.SystemInit)
    [Anonymous Symbol]                       0x08000f5c   Section        0  main.o(.text.main)
    .bss                                     0x20000008   Section       96  libspace.o(.bss)
    SysTick_Handler.scaryTick                0x20000068   Data           2  ps2_keyboard.o(.bss.SysTick_Handler.scaryTick)
    [Anonymous Symbol]                       0x20000068   Section        0  ps2_keyboard.o(.bss.SysTick_Handler.scaryTick)
    buttonPressed                            0x2000006c   Data           4  button.o(.bss.buttonPressed)
    [Anonymous Symbol]                       0x2000006c   Section        0  button.o(.bss.buttonPressed)
    buttonTriggerActive                      0x20000070   Data           1  ps2_keyboard.o(.bss.buttonTriggerActive)
    [Anonymous Symbol]                       0x20000070   Section        0  ps2_keyboard.o(.bss.buttonTriggerActive)
    flickerModeEnabled                       0x20000071   Data           1  ps2_keyboard.o(.bss.flickerModeEnabled)
    [Anonymous Symbol]                       0x20000071   Section        0  ps2_keyboard.o(.bss.flickerModeEnabled)
    flickerPhaseOn                           0x20000072   Data           1  ps2_keyboard.o(.bss.flickerPhaseOn)
    [Anonymous Symbol]                       0x20000072   Section        0  ps2_keyboard.o(.bss.flickerPhaseOn)
    flickerTickDivider                       0x20000073   Data           1  ps2_keyboard.o(.bss.flickerTickDivider)
    [Anonymous Symbol]                       0x20000073   Section        0  ps2_keyboard.o(.bss.flickerTickDivider)
    ledStateMask                             0x20000074   Data           4  ps2_keyboard.o(.bss.ledStateMask)
    [Anonymous Symbol]                       0x20000074   Section        0  ps2_keyboard.o(.bss.ledStateMask)
    ps2BitCount                              0x20000078   Data           1  ps2_keyboard.o(.bss.ps2BitCount)
    [Anonymous Symbol]                       0x20000078   Section        0  ps2_keyboard.o(.bss.ps2BitCount)
    ps2BreakCode                             0x20000079   Data           1  ps2_keyboard.o(.bss.ps2BreakCode)
    [Anonymous Symbol]                       0x20000079   Section        0  ps2_keyboard.o(.bss.ps2BreakCode)
    ps2DataByte                              0x2000007a   Data           1  ps2_keyboard.o(.bss.ps2DataByte)
    [Anonymous Symbol]                       0x2000007a   Section        0  ps2_keyboard.o(.bss.ps2DataByte)
    ps2ExtendedCode                          0x2000007b   Data           1  ps2_keyboard.o(.bss.ps2ExtendedCode)
    [Anonymous Symbol]                       0x2000007b   Section        0  ps2_keyboard.o(.bss.ps2ExtendedCode)
    runLightsActive                          0x2000007c   Data           1  ps2_keyboard.o(.bss.runLightsActive)
    [Anonymous Symbol]                       0x2000007c   Section        0  ps2_keyboard.o(.bss.runLightsActive)
    runLightsDelayTicks                      0x2000007e   Data           2  ps2_keyboard.o(.bss.runLightsDelayTicks)
    [Anonymous Symbol]                       0x2000007e   Section        0  ps2_keyboard.o(.bss.runLightsDelayTicks)
    runLightsPending                         0x20000080   Data           1  ps2_keyboard.o(.bss.runLightsPending)
    [Anonymous Symbol]                       0x20000080   Section        0  ps2_keyboard.o(.bss.runLightsPending)
    runSequenceState                         0x20000081   Data           1  ps2_keyboard.o(.bss.runSequenceState)
    [Anonymous Symbol]                       0x20000081   Section        0  ps2_keyboard.o(.bss.runSequenceState)
    runSpeakerActive                         0x20000082   Data           1  ps2_keyboard.o(.bss.runSpeakerActive)
    [Anonymous Symbol]                       0x20000082   Section        0  ps2_keyboard.o(.bss.runSpeakerActive)
    soundPatternIndex                        0x20000083   Data           1  ps2_keyboard.o(.bss.soundPatternIndex)
    [Anonymous Symbol]                       0x20000083   Section        0  ps2_keyboard.o(.bss.soundPatternIndex)
    speakerCompareValue                      0x20000084   Data           4  speaker.o(.bss.speakerCompareValue)
    [Anonymous Symbol]                       0x20000084   Section        0  speaker.o(.bss.speakerCompareValue)
    speakerEnabled                           0x20000088   Data           1  speaker.o(.bss.speakerEnabled)
    [Anonymous Symbol]                       0x20000088   Section        0  speaker.o(.bss.speakerEnabled)
    Heap_Mem                                 0x20000090   Data         512  startup_stm32f10x_md.o(HEAP)
    HEAP                                     0x20000090   Section      512  startup_stm32f10x_md.o(HEAP)
    Stack_Mem                                0x20000290   Data        1024  startup_stm32f10x_md.o(STACK)
    STACK                                    0x20000290   Section     1024  startup_stm32f10x_md.o(STACK)
    __initial_sp                             0x20000690   Data           0  startup_stm32f10x_md.o(STACK)

    Global Symbols

    Symbol Name                              Value     Ov Type        Size  Object(Section)

    BuildAttributes$$THM_ISAv4$P$D$K$B$S$PE$A:L22UL41UL21$X:L11$S22US41US21$IEEE1$IW$~IW$USESV6$~STKCKD$USESV7$~SHL$OTIME$ROPI$EBA8$UX$STANDARDLIB$REQ8$PRES8$EABIv2 0x00000000   Number         0  anon$$obj.o ABSOLUTE
    __fp_init_empty                          0x00000000   Number         0  fpinit_empty.o ABSOLUTE
    __ARM_exceptions_init                     - Undefined Weak Reference
    __alloca_initialize                       - Undefined Weak Reference
    __arm_preinit_                            - Undefined Weak Reference
    __arm_relocate_pie_                       - Undefined Weak Reference
    __cpp_initialize__aeabi_                  - Undefined Weak Reference
    __cxa_finalize                            - Undefined Weak Reference
    __rt_locale                               - Undefined Weak Reference
    __sigvec_lookup                           - Undefined Weak Reference
    _atexit_init                              - Undefined Weak Reference
    _call_atexit_fns                          - Undefined Weak Reference
    _clock_init                               - Undefined Weak Reference
    _fp_trap_init                             - Undefined Weak Reference
    _fp_trap_shutdown                         - Undefined Weak Reference
    _get_lc_collate                           - Undefined Weak Reference
    _get_lc_ctype                             - Undefined Weak Reference
    _get_lc_monetary                          - Undefined Weak Reference
    _get_lc_numeric                           - Undefined Weak Reference
    _get_lc_time                              - Undefined Weak Reference
    _getenv_init                              - Undefined Weak Reference
    _handle_redirection                       - Undefined Weak Reference
    _init_alloc                               - Undefined Weak Reference
    _init_user_alloc                          - Undefined Weak Reference
    _initio                                   - Undefined Weak Reference
    _rand_init                                - Undefined Weak Reference
    _signal_finish                            - Undefined Weak Reference
    _signal_init                              - Undefined Weak Reference
    _terminate_alloc                          - Undefined Weak Reference
    _terminate_user_alloc                     - Undefined Weak Reference
    _terminateio                              - Undefined Weak Reference
    __Vectors_Size                           0x000000ec   Number         0  startup_stm32f10x_md.o ABSOLUTE
    __Vectors                                0x08000000   Data           4  startup_stm32f10x_md.o(RESET)
    __Vectors_End                            0x080000ec   Data           0  startup_stm32f10x_md.o(RESET)
    __main                                   0x080000ed   Thumb Code     8  __main.o(!!!main)
    __scatterload                            0x080000f5   Thumb Code     0  __scatter.o(!!!scatter)
    __scatterload_rt2                        0x080000f5   Thumb Code    84  __scatter.o(!!!scatter)
    __scatterload_rt2_thumb_only             0x080000f5   Thumb Code     0  __scatter.o(!!!scatter)
    __scatterload_loop                       0x080000ff   Thumb Code     0  __scatter.o(!!!scatter)
    __scatterload_copy                       0x08000151   Thumb Code    26  __scatter_copy.o(!!handler_copy)
    __scatterload_null                       0x0800016d   Thumb Code     2  __scatter.o(!!handler_null)
    __scatterload_zeroinit                   0x08000171   Thumb Code    28  __scatter_zi.o(!!handler_zi)
    __rt_lib_init                            0x0800018d   Thumb Code     0  libinit.o(.ARM.Collect$$libinit$$00000000)
    __rt_lib_init_alloca_1                   0x0800018f   Thumb Code     0  libinit2.o(.ARM.Collect$$libinit$$00000030)
    __rt_lib_init_argv_1                     0x0800018f   Thumb Code     0  libinit2.o(.ARM.Collect$$libinit$$0000002E)
    __rt_lib_init_atexit_1                   0x0800018f   Thumb Code     0  libinit2.o(.ARM.Collect$$libinit$$0000001D)
    __rt_lib_init_clock_1                    0x0800018f   Thumb Code     0  libinit2.o(.ARM.Collect$$libinit$$00000023)
    __rt_lib_init_cpp_1                      0x0800018f   Thumb Code     0  libinit2.o(.ARM.Collect$$libinit$$00000034)
    __rt_lib_init_exceptions_1               0x0800018f   Thumb Code     0  libinit2.o(.ARM.Collect$$libinit$$00000032)
    __rt_lib_init_fp_1                       0x0800018f   Thumb Code     0  libinit2.o(.ARM.Collect$$libinit$$00000002)
    __rt_lib_init_fp_trap_1                  0x0800018f   Thumb Code     0  libinit2.o(.ARM.Collect$$libinit$$00000021)
    __rt_lib_init_getenv_1                   0x0800018f   Thumb Code     0  libinit2.o(.ARM.Collect$$libinit$$00000025)
    __rt_lib_init_heap_1                     0x0800018f   Thumb Code     0  libinit2.o(.ARM.Collect$$libinit$$0000000C)
    __rt_lib_init_lc_collate_1               0x0800018f   Thumb Code     0  libinit2.o(.ARM.Collect$$libinit$$00000013)
    __rt_lib_init_lc_ctype_1                 0x0800018f   Thumb Code     0  libinit2.o(.ARM.Collect$$libinit$$00000015)
    __rt_lib_init_lc_monetary_1              0x0800018f   Thumb Code     0  libinit2.o(.ARM.Collect$$libinit$$00000017)
    __rt_lib_init_lc_numeric_1               0x0800018f   Thumb Code     0  libinit2.o(.ARM.Collect$$libinit$$00000019)
    __rt_lib_init_lc_time_1                  0x0800018f   Thumb Code     0  libinit2.o(.ARM.Collect$$libinit$$0000001B)
    __rt_lib_init_preinit_1                  0x0800018f   Thumb Code     0  libinit2.o(.ARM.Collect$$libinit$$00000006)
    __rt_lib_init_rand_1                     0x0800018f   Thumb Code     0  libinit2.o(.ARM.Collect$$libinit$$00000010)
    __rt_lib_init_relocate_pie_1             0x0800018f   Thumb Code     0  libinit2.o(.ARM.Collect$$libinit$$00000004)
    __rt_lib_init_return                     0x0800018f   Thumb Code     0  libinit2.o(.ARM.Collect$$libinit$$00000035)
    __rt_lib_init_signal_1                   0x0800018f   Thumb Code     0  libinit2.o(.ARM.Collect$$libinit$$0000001F)
    __rt_lib_init_stdio_1                    0x0800018f   Thumb Code     0  libinit2.o(.ARM.Collect$$libinit$$00000027)
    __rt_lib_init_user_alloc_1               0x0800018f   Thumb Code     0  libinit2.o(.ARM.Collect$$libinit$$0000000E)
    __rt_lib_shutdown                        0x08000191   Thumb Code     0  libshutdown.o(.ARM.Collect$$libshutdown$$00000000)
    __rt_lib_shutdown_cpp_1                  0x08000193   Thumb Code     0  libshutdown2.o(.ARM.Collect$$libshutdown$$00000002)
    __rt_lib_shutdown_fp_trap_1              0x08000193   Thumb Code     0  libshutdown2.o(.ARM.Collect$$libshutdown$$00000007)
    __rt_lib_shutdown_heap_1                 0x08000193   Thumb Code     0  libshutdown2.o(.ARM.Collect$$libshutdown$$0000000F)
    __rt_lib_shutdown_return                 0x08000193   Thumb Code     0  libshutdown2.o(.ARM.Collect$$libshutdown$$00000010)
    __rt_lib_shutdown_signal_1               0x08000193   Thumb Code     0  libshutdown2.o(.ARM.Collect$$libshutdown$$0000000A)
    __rt_lib_shutdown_stdio_1                0x08000193   Thumb Code     0  libshutdown2.o(.ARM.Collect$$libshutdown$$00000004)
    __rt_lib_shutdown_user_alloc_1           0x08000193   Thumb Code     0  libshutdown2.o(.ARM.Collect$$libshutdown$$0000000C)
    __rt_entry                               0x08000195   Thumb Code     0  __rtentry.o(.ARM.Collect$$rtentry$$00000000)
    __rt_entry_presh_1                       0x08000195   Thumb Code     0  __rtentry2.o(.ARM.Collect$$rtentry$$00000002)
    __rt_entry_sh                            0x08000195   Thumb Code     0  __rtentry4.o(.ARM.Collect$$rtentry$$00000004)
    __rt_entry_li                            0x0800019b   Thumb Code     0  __rtentry2.o(.ARM.Collect$$rtentry$$0000000A)
    __rt_entry_postsh_1                      0x0800019b   Thumb Code     0  __rtentry2.o(.ARM.Collect$$rtentry$$00000009)
    __rt_entry_main                          0x0800019f   Thumb Code     0  __rtentry2.o(.ARM.Collect$$rtentry$$0000000D)
    __rt_entry_postli_1                      0x0800019f   Thumb Code     0  __rtentry2.o(.ARM.Collect$$rtentry$$0000000C)
    __rt_exit                                0x080001a7   Thumb Code     0  rtexit.o(.ARM.Collect$$rtexit$$00000000)
    __rt_exit_ls                             0x080001a9   Thumb Code     0  rtexit2.o(.ARM.Collect$$rtexit$$00000003)
    __rt_exit_prels_1                        0x080001a9   Thumb Code     0  rtexit2.o(.ARM.Collect$$rtexit$$00000002)
    __rt_exit_exit                           0x080001ad   Thumb Code     0  rtexit2.o(.ARM.Collect$$rtexit$$00000004)
    Reset_Handler                            0x080001b5   Thumb Code     8  startup_stm32f10x_md.o(.text)
    NMI_Handler                              0x080001bd   Thumb Code     2  startup_stm32f10x_md.o(.text)
    HardFault_Handler                        0x080001bf   Thumb Code     2  startup_stm32f10x_md.o(.text)
    MemManage_Handler                        0x080001c1   Thumb Code     2  startup_stm32f10x_md.o(.text)
    BusFault_Handler                         0x080001c3   Thumb Code     2  startup_stm32f10x_md.o(.text)
    UsageFault_Handler                       0x080001c5   Thumb Code     2  startup_stm32f10x_md.o(.text)
    SVC_Handler                              0x080001c7   Thumb Code     2  startup_stm32f10x_md.o(.text)
    DebugMon_Handler                         0x080001c9   Thumb Code     2  startup_stm32f10x_md.o(.text)
    PendSV_Handler                           0x080001cb   Thumb Code     2  startup_stm32f10x_md.o(.text)
    ADC1_2_IRQHandler                        0x080001cf   Thumb Code     0  startup_stm32f10x_md.o(.text)
    CAN1_RX1_IRQHandler                      0x080001cf   Thumb Code     0  startup_stm32f10x_md.o(.text)
    CAN1_SCE_IRQHandler                      0x080001cf   Thumb Code     0  startup_stm32f10x_md.o(.text)
    DMA1_Channel1_IRQHandler                 0x080001cf   Thumb Code     0  startup_stm32f10x_md.o(.text)
    DMA1_Channel2_IRQHandler                 0x080001cf   Thumb Code     0  startup_stm32f10x_md.o(.text)
    DMA1_Channel3_IRQHandler                 0x080001cf   Thumb Code     0  startup_stm32f10x_md.o(.text)
    DMA1_Channel4_IRQHandler                 0x080001cf   Thumb Code     0  startup_stm32f10x_md.o(.text)
    DMA1_Channel5_IRQHandler                 0x080001cf   Thumb Code     0  startup_stm32f10x_md.o(.text)
    DMA1_Channel6_IRQHandler                 0x080001cf   Thumb Code     0  startup_stm32f10x_md.o(.text)
    DMA1_Channel7_IRQHandler                 0x080001cf   Thumb Code     0  startup_stm32f10x_md.o(.text)
    EXTI0_IRQHandler                         0x080001cf   Thumb Code     0  startup_stm32f10x_md.o(.text)
    EXTI15_10_IRQHandler                     0x080001cf   Thumb Code     0  startup_stm32f10x_md.o(.text)
    EXTI2_IRQHandler                         0x080001cf   Thumb Code     0  startup_stm32f10x_md.o(.text)
    EXTI3_IRQHandler                         0x080001cf   Thumb Code     0  startup_stm32f10x_md.o(.text)
    EXTI4_IRQHandler                         0x080001cf   Thumb Code     0  startup_stm32f10x_md.o(.text)
    FLASH_IRQHandler                         0x080001cf   Thumb Code     0  startup_stm32f10x_md.o(.text)
    I2C1_ER_IRQHandler                       0x080001cf   Thumb Code     0  startup_stm32f10x_md.o(.text)
    I2C1_EV_IRQHandler                       0x080001cf   Thumb Code     0  startup_stm32f10x_md.o(.text)
    I2C2_ER_IRQHandler                       0x080001cf   Thumb Code     0  startup_stm32f10x_md.o(.text)
    I2C2_EV_IRQHandler                       0x080001cf   Thumb Code     0  startup_stm32f10x_md.o(.text)
    PVD_IRQHandler                           0x080001cf   Thumb Code     0  startup_stm32f10x_md.o(.text)
    RCC_IRQHandler                           0x080001cf   Thumb Code     0  startup_stm32f10x_md.o(.text)
    RTCAlarm_IRQHandler                      0x080001cf   Thumb Code     0  startup_stm32f10x_md.o(.text)
    RTC_IRQHandler                           0x080001cf   Thumb Code     0  startup_stm32f10x_md.o(.text)
    SPI1_IRQHandler                          0x080001cf   Thumb Code     0  startup_stm32f10x_md.o(.text)
    SPI2_IRQHandler                          0x080001cf   Thumb Code     0  startup_stm32f10x_md.o(.text)
    TAMPER_IRQHandler                        0x080001cf   Thumb Code     0  startup_stm32f10x_md.o(.text)
    TIM1_BRK_IRQHandler                      0x080001cf   Thumb Code     0  startup_stm32f10x_md.o(.text)
    TIM1_CC_IRQHandler                       0x080001cf   Thumb Code     0  startup_stm32f10x_md.o(.text)
    TIM1_TRG_COM_IRQHandler                  0x080001cf   Thumb Code     0  startup_stm32f10x_md.o(.text)
    TIM1_UP_IRQHandler                       0x080001cf   Thumb Code     0  startup_stm32f10x_md.o(.text)
    TIM2_IRQHandler                          0x080001cf   Thumb Code     0  startup_stm32f10x_md.o(.text)
    TIM3_IRQHandler                          0x080001cf   Thumb Code     0  startup_stm32f10x_md.o(.text)
    TIM4_IRQHandler                          0x080001cf   Thumb Code     0  startup_stm32f10x_md.o(.text)
    USART1_IRQHandler                        0x080001cf   Thumb Code     0  startup_stm32f10x_md.o(.text)
    USART2_IRQHandler                        0x080001cf   Thumb Code     0  startup_stm32f10x_md.o(.text)
    USART3_IRQHandler                        0x080001cf   Thumb Code     0  startup_stm32f10x_md.o(.text)
    USBWakeUp_IRQHandler                     0x080001cf   Thumb Code     0  startup_stm32f10x_md.o(.text)
    USB_HP_CAN1_TX_IRQHandler                0x080001cf   Thumb Code     0  startup_stm32f10x_md.o(.text)
    USB_LP_CAN1_RX0_IRQHandler               0x080001cf   Thumb Code     0  startup_stm32f10x_md.o(.text)
    WWDG_IRQHandler                          0x080001cf   Thumb Code     0  startup_stm32f10x_md.o(.text)
    __user_initial_stackheap                 0x080001d1   Thumb Code     0  startup_stm32f10x_md.o(.text)
    __use_two_region_memory                  0x080001f5   Thumb Code     2  heapauxi.o(.text)
    __rt_heap_escrow$2region                 0x080001f7   Thumb Code     2  heapauxi.o(.text)
    __rt_heap_expand$2region                 0x080001f9   Thumb Code     2  heapauxi.o(.text)
    __user_setup_stackheap                   0x080001fb   Thumb Code    74  sys_stackheap_outer.o(.text)
    exit                                     0x08000245   Thumb Code    18  exit.o(.text)
    __user_libspace                          0x08000259   Thumb Code     8  libspace.o(.text)
    __user_perproc_libspace                  0x08000259   Thumb Code     0  libspace.o(.text)
    __user_perthread_libspace                0x08000259   Thumb Code     0  libspace.o(.text)
    _sys_exit                                0x08000261   Thumb Code     8  sys_exit.o(.text)
    __I$use$semihosting                      0x0800026d   Thumb Code     0  use_no_semi.o(.text)
    __use_no_semihosting_swi                 0x0800026d   Thumb Code     2  use_no_semi.o(.text)
    __semihosting_library_function           0x0800026f   Thumb Code     0  indicate_semi.o(.text)
    Button_Init                              0x08000271   Thumb Code   166  button.o(.text.Button_Init)
    EXTI1_IRQHandler                         0x08000319   Thumb Code    48  button.o(.text.EXTI1_IRQHandler)
    EXTI9_5_IRQHandler                       0x08000349   Thumb Code   668  ps2_keyboard.o(.text.EXTI9_5_IRQHandler)
    PS2_Keyboard_Init                        0x08000719   Thumb Code   770  ps2_keyboard.o(.text.PS2_Keyboard_Init)
    PS2_SetButtonTrigger                     0x08000a1d   Thumb Code    38  ps2_keyboard.o(.text.PS2_SetButtonTrigger)
    Speaker_Init                             0x08000a45   Thumb Code   250  speaker.o(.text.Speaker_Init)
    Speaker_Off                              0x08000b41   Thumb Code    24  speaker.o(.text.Speaker_Off)
    Speaker_On                               0x08000b59   Thumb Code    34  speaker.o(.text.Speaker_On)
    Speaker_SetTone                          0x08000b7d   Thumb Code   120  speaker.o(.text.Speaker_SetTone)
    SysTick_Handler                          0x08000bf5   Thumb Code   460  ps2_keyboard.o(.text.SysTick_Handler)
    SystemCoreClockUpdate                    0x08000df1   Thumb Code    94  system_stm32f10x.o(.text.SystemCoreClockUpdate)
    SystemInit                               0x08000e51   Thumb Code   268  system_stm32f10x.o(.text.SystemInit)
    main                                     0x08000f5d   Thumb Code    24  main.o(.text.main)
    AHBPrescTable                            0x08000f74   Data          16  system_stm32f10x.o(.rodata.AHBPrescTable)
    Region$$Table$$Base                      0x08000f84   Number         0  anon$$obj.o(Region$$Table)
    Region$$Table$$Limit                     0x08000fa4   Number         0  anon$$obj.o(Region$$Table)
    SystemCoreClock                          0x20000000   Data           4  system_stm32f10x.o(.data.SystemCoreClock)
    __libspace_start                         0x20000008   Data          96  libspace.o(.bss)
    __temporary_stack_top$libspace           0x20000068   Data           0  libspace.o(.bss)



==============================================================================

Memory Map of the image

  Image Entry point : 0x080001b5

  Load Region LR_1 (Base: 0x08000000, Size: 0x00000fa8, Max: 0xffffffff, ABSOLUTE)

    Execution Region ER_RO (Exec base: 0x08000000, Load base: 0x08000000, Size: 0x00000fa4, Max: 0xffffffff, ABSOLUTE)

    Exec Addr    Load Addr    Size         Type   Attr      Idx    E Section Name        Object

    0x08000000   0x08000000   0x000000ec   Data   RO           97    RESET               startup_stm32f10x_md.o
    0x080000ec   0x080000ec   0x00000008   Code   RO          122  * !!!main             c_w.l(__main.o)
    0x080000f4   0x080000f4   0x0000005c   Code   RO          287    !!!scatter          c_w.l(__scatter.o)
    0x08000150   0x08000150   0x0000001a   Code   RO          291    !!handler_copy      c_w.l(__scatter_copy.o)
    0x0800016a   0x0800016a   0x00000002   PAD
    0x0800016c   0x0800016c   0x00000002   Code   RO          288    !!handler_null      c_w.l(__scatter.o)
    0x0800016e   0x0800016e   0x00000002   PAD
    0x08000170   0x08000170   0x0000001c   Code   RO          293    !!handler_zi        c_w.l(__scatter_zi.o)
    0x0800018c   0x0800018c   0x00000002   Code   RO          149    .ARM.Collect$$libinit$$00000000  c_w.l(libinit.o)
    0x0800018e   0x0800018e   0x00000000   Code   RO          156    .ARM.Collect$$libinit$$00000002  c_w.l(libinit2.o)
    0x0800018e   0x0800018e   0x00000000   Code   RO          158    .ARM.Collect$$libinit$$00000004  c_w.l(libinit2.o)
    0x0800018e   0x0800018e   0x00000000   Code   RO          160    .ARM.Collect$$libinit$$00000006  c_w.l(libinit2.o)
    0x0800018e   0x0800018e   0x00000000   Code   RO          163    .ARM.Collect$$libinit$$0000000C  c_w.l(libinit2.o)
    0x0800018e   0x0800018e   0x00000000   Code   RO          165    .ARM.Collect$$libinit$$0000000E  c_w.l(libinit2.o)
    0x0800018e   0x0800018e   0x00000000   Code   RO          167    .ARM.Collect$$libinit$$00000010  c_w.l(libinit2.o)
    0x0800018e   0x0800018e   0x00000000   Code   RO          170    .ARM.Collect$$libinit$$00000013  c_w.l(libinit2.o)
    0x0800018e   0x0800018e   0x00000000   Code   RO          172    .ARM.Collect$$libinit$$00000015  c_w.l(libinit2.o)
    0x0800018e   0x0800018e   0x00000000   Code   RO          174    .ARM.Collect$$libinit$$00000017  c_w.l(libinit2.o)
    0x0800018e   0x0800018e   0x00000000   Code   RO          176    .ARM.Collect$$libinit$$00000019  c_w.l(libinit2.o)
    0x0800018e   0x0800018e   0x00000000   Code   RO          178    .ARM.Collect$$libinit$$0000001B  c_w.l(libinit2.o)
    0x0800018e   0x0800018e   0x00000000   Code   RO          180    .ARM.Collect$$libinit$$0000001D  c_w.l(libinit2.o)
    0x0800018e   0x0800018e   0x00000000   Code   RO          182    .ARM.Collect$$libinit$$0000001F  c_w.l(libinit2.o)
    0x0800018e   0x0800018e   0x00000000   Code   RO          184    .ARM.Collect$$libinit$$00000021  c_w.l(libinit2.o)
    0x0800018e   0x0800018e   0x00000000   Code   RO          186    .ARM.Collect$$libinit$$00000023  c_w.l(libinit2.o)
    0x0800018e   0x0800018e   0x00000000   Code   RO          188    .ARM.Collect$$libinit$$00000025  c_w.l(libinit2.o)
    0x0800018e   0x0800018e   0x00000000   Code   RO          190    .ARM.Collect$$libinit$$00000027  c_w.l(libinit2.o)
    0x0800018e   0x0800018e   0x00000000   Code   RO          194    .ARM.Collect$$libinit$$0000002E  c_w.l(libinit2.o)
    0x0800018e   0x0800018e   0x00000000   Code   RO          196    .ARM.Collect$$libinit$$00000030  c_w.l(libinit2.o)
    0x0800018e   0x0800018e   0x00000000   Code   RO          198    .ARM.Collect$$libinit$$00000032  c_w.l(libinit2.o)
    0x0800018e   0x0800018e   0x00000000   Code   RO          200    .ARM.Collect$$libinit$$00000034  c_w.l(libinit2.o)
    0x0800018e   0x0800018e   0x00000002   Code   RO          201    .ARM.Collect$$libinit$$00000035  c_w.l(libinit2.o)
    0x08000190   0x08000190   0x00000002   Code   RO          223    .ARM.Collect$$libshutdown$$00000000  c_w.l(libshutdown.o)
    0x08000192   0x08000192   0x00000000   Code   RO          238    .ARM.Collect$$libshutdown$$00000002  c_w.l(libshutdown2.o)
    0x08000192   0x08000192   0x00000000   Code   RO          240    .ARM.Collect$$libshutdown$$00000004  c_w.l(libshutdown2.o)
    0x08000192   0x08000192   0x00000000   Code   RO          243    .ARM.Collect$$libshutdown$$00000007  c_w.l(libshutdown2.o)
    0x08000192   0x08000192   0x00000000   Code   RO          246    .ARM.Collect$$libshutdown$$0000000A  c_w.l(libshutdown2.o)
    0x08000192   0x08000192   0x00000000   Code   RO          248    .ARM.Collect$$libshutdown$$0000000C  c_w.l(libshutdown2.o)
    0x08000192   0x08000192   0x00000000   Code   RO          251    .ARM.Collect$$libshutdown$$0000000F  c_w.l(libshutdown2.o)
    0x08000192   0x08000192   0x00000002   Code   RO          252    .ARM.Collect$$libshutdown$$00000010  c_w.l(libshutdown2.o)
    0x08000194   0x08000194   0x00000000   Code   RO          124    .ARM.Collect$$rtentry$$00000000  c_w.l(__rtentry.o)
    0x08000194   0x08000194   0x00000000   Code   RO          126    .ARM.Collect$$rtentry$$00000002  c_w.l(__rtentry2.o)
    0x08000194   0x08000194   0x00000006   Code   RO          138    .ARM.Collect$$rtentry$$00000004  c_w.l(__rtentry4.o)
    0x0800019a   0x0800019a   0x00000000   Code   RO          128    .ARM.Collect$$rtentry$$00000009  c_w.l(__rtentry2.o)
    0x0800019a   0x0800019a   0x00000004   Code   RO          129    .ARM.Collect$$rtentry$$0000000A  c_w.l(__rtentry2.o)
    0x0800019e   0x0800019e   0x00000000   Code   RO          131    .ARM.Collect$$rtentry$$0000000C  c_w.l(__rtentry2.o)
    0x0800019e   0x0800019e   0x00000008   Code   RO          132    .ARM.Collect$$rtentry$$0000000D  c_w.l(__rtentry2.o)
    0x080001a6   0x080001a6   0x00000002   Code   RO          153    .ARM.Collect$$rtexit$$00000000  c_w.l(rtexit.o)
    0x080001a8   0x080001a8   0x00000000   Code   RO          203    .ARM.Collect$$rtexit$$00000002  c_w.l(rtexit2.o)
    0x080001a8   0x080001a8   0x00000004   Code   RO          204    .ARM.Collect$$rtexit$$00000003  c_w.l(rtexit2.o)
    0x080001ac   0x080001ac   0x00000006   Code   RO          205    .ARM.Collect$$rtexit$$00000004  c_w.l(rtexit2.o)
    0x080001b2   0x080001b2   0x00000002   PAD
    0x080001b4   0x080001b4   0x00000040   Code   RO           98  * .text               startup_stm32f10x_md.o
    0x080001f4   0x080001f4   0x00000006   Code   RO          120    .text               c_w.l(heapauxi.o)
    0x080001fa   0x080001fa   0x0000004a   Code   RO          140    .text               c_w.l(sys_stackheap_outer.o)
    0x08000244   0x08000244   0x00000012   Code   RO          142    .text               c_w.l(exit.o)
    0x08000256   0x08000256   0x00000002   PAD
    0x08000258   0x08000258   0x00000008   Code   RO          150    .text               c_w.l(libspace.o)
    0x08000260   0x08000260   0x0000000c   Code   RO          213    .text               c_w.l(sys_exit.o)
    0x0800026c   0x0800026c   0x00000002   Code   RO          228    .text               c_w.l(use_no_semi.o)
    0x0800026e   0x0800026e   0x00000000   Code   RO          230    .text               c_w.l(indicate_semi.o)
    0x0800026e   0x0800026e   0x00000002   PAD
    0x08000270   0x08000270   0x000000a6   Code   RO            2    .text.Button_Init   button.o
    0x08000316   0x08000316   0x00000002   PAD
    0x08000318   0x08000318   0x00000030   Code   RO            6    .text.EXTI1_IRQHandler  button.o
    0x08000348   0x08000348   0x0000029c   Code   RO           53    .text.EXTI9_5_IRQHandler  ps2_keyboard.o
    0x080005e4   0x080005e4   0x00000132   Code   RO           49    .text.LED_ApplyMask  ps2_keyboard.o
    0x08000716   0x08000716   0x00000002   PAD
    0x08000718   0x08000718   0x00000302   Code   RO           45    .text.PS2_Keyboard_Init  ps2_keyboard.o
    0x08000a1a   0x08000a1a   0x00000002   PAD
    0x08000a1c   0x08000a1c   0x00000026   Code   RO           43    .text.PS2_SetButtonTrigger  ps2_keyboard.o
    0x08000a42   0x08000a42   0x00000002   PAD
    0x08000a44   0x08000a44   0x000000fa   Code   RO           27    .text.Speaker_Init  speaker.o
    0x08000b3e   0x08000b3e   0x00000002   PAD
    0x08000b40   0x08000b40   0x00000018   Code   RO           31    .text.Speaker_Off   speaker.o
    0x08000b58   0x08000b58   0x00000022   Code   RO           29    .text.Speaker_On    speaker.o
    0x08000b7a   0x08000b7a   0x00000002   PAD
    0x08000b7c   0x08000b7c   0x00000078   Code   RO           25    .text.Speaker_SetTone  speaker.o
    0x08000bf4   0x08000bf4   0x000001fc   Code   RO           51    .text.SysTick_Handler  ps2_keyboard.o
    0x08000df0   0x08000df0   0x0000005e   Code   RO          107    .text.SystemCoreClockUpdate  system_stm32f10x.o
    0x08000e4e   0x08000e4e   0x00000002   PAD
    0x08000e50   0x08000e50   0x0000010c   Code   RO          105    .text.SystemInit    system_stm32f10x.o
    0x08000f5c   0x08000f5c   0x00000018   Code   RO           16    .text.main          main.o
    0x08000f74   0x08000f74   0x00000010   Data   RO          110    .rodata.AHBPrescTable  system_stm32f10x.o
    0x08000f84   0x08000f84   0x00000020   Data   RO          286    Region$$Table       anon$$obj.o


    Execution Region ER_RW (Exec base: 0x20000000, Load base: 0x08000fa4, Size: 0x00000004, Max: 0xffffffff, ABSOLUTE)

    Exec Addr    Load Addr    Size         Type   Attr      Idx    E Section Name        Object

    0x20000000   0x08000fa4   0x00000004   Data   RW          109    .data.SystemCoreClock  system_stm32f10x.o


    Execution Region ER_ZI (Exec base: 0x20000008, Load base: 0x08000fa8, Size: 0x00000688, Max: 0xffffffff, ABSOLUTE)

    Exec Addr    Load Addr    Size         Type   Attr      Idx    E Section Name        Object

    0x20000008        -       0x00000060   Zero   RW          151    .bss                c_w.l(libspace.o)
    0x20000068        -       0x00000002   Zero   RW           62    .bss.SysTick_Handler.scaryTick  ps2_keyboard.o
    0x2000006a   0x08000fa8   0x00000002   PAD
    0x2000006c        -       0x00000004   Zero   RW            8    .bss.buttonPressed  button.o
    0x20000070        -       0x00000001   Zero   RW           55    .bss.buttonTriggerActive  ps2_keyboard.o
    0x20000071        -       0x00000001   Zero   RW           57    .bss.flickerModeEnabled  ps2_keyboard.o
    0x20000072        -       0x00000001   Zero   RW           58    .bss.flickerPhaseOn  ps2_keyboard.o
    0x20000073        -       0x00000001   Zero   RW           59    .bss.flickerTickDivider  ps2_keyboard.o
    0x20000074        -       0x00000004   Zero   RW           61    .bss.ledStateMask   ps2_keyboard.o
    0x20000078        -       0x00000001   Zero   RW           67    .bss.ps2BitCount    ps2_keyboard.o
    0x20000079        -       0x00000001   Zero   RW           70    .bss.ps2BreakCode   ps2_keyboard.o
    0x2000007a        -       0x00000001   Zero   RW           68    .bss.ps2DataByte    ps2_keyboard.o
    0x2000007b        -       0x00000001   Zero   RW           69    .bss.ps2ExtendedCode  ps2_keyboard.o
    0x2000007c        -       0x00000001   Zero   RW           65    .bss.runLightsActive  ps2_keyboard.o
    0x2000007d   0x08000fa8   0x00000001   PAD
    0x2000007e        -       0x00000002   Zero   RW           64    .bss.runLightsDelayTicks  ps2_keyboard.o
    0x20000080        -       0x00000001   Zero   RW           63    .bss.runLightsPending  ps2_keyboard.o
    0x20000081        -       0x00000001   Zero   RW           56    .bss.runSequenceState  ps2_keyboard.o
    0x20000082        -       0x00000001   Zero   RW           66    .bss.runSpeakerActive  ps2_keyboard.o
    0x20000083        -       0x00000001   Zero   RW           60    .bss.soundPatternIndex  ps2_keyboard.o
    0x20000084        -       0x00000004   Zero   RW           33    .bss.speakerCompareValue  speaker.o
    0x20000088        -       0x00000001   Zero   RW           34    .bss.speakerEnabled  speaker.o
    0x20000089   0x08000fa8   0x00000007   PAD
    0x20000090        -       0x00000200   Zero   RW           96    HEAP                startup_stm32f10x_md.o
    0x20000290        -       0x00000400   Zero   RW           95    STACK               startup_stm32f10x_md.o


==============================================================================

Image component sizes


      Code (inc. data)   RO Data    RW Data    ZI Data      Debug   Object Name

       214          0          0          0          4       3706   button.o
        24          0          0          0          0        431   main.o
      2290        106          0          0         21      10591   ps2_keyboard.o
       428          0          0          0          5       3054   speaker.o
        64         26        236          0       1536        908   startup_stm32f10x_md.o
       362          0         16          4          0       2914   system_stm32f10x.o

    ----------------------------------------------------------------------
      3396        132        284          4       1576      21604   Object Totals
         0          0         32          0          0          0   (incl. Generated)
        14          0          0          0         10          0   (incl. Padding)

    ----------------------------------------------------------------------

      Code (inc. data)   RO Data    RW Data    ZI Data      Debug   Library Member Name

         8          0          0          0          0         68   __main.o
         0          0          0          0          0          0   __rtentry.o
        12          0          0          0          0          0   __rtentry2.o
         6          0          0          0          0          0   __rtentry4.o
        94          8          0          0          0          0   __scatter.o
        26          0          0          0          0          0   __scatter_copy.o
        28          0          0          0          0          0   __scatter_zi.o
        18          0          0          0          0         80   exit.o
         6          0          0          0          0        152   heapauxi.o
         0          0          0          0          0          0   indicate_semi.o
         2          0          0          0          0          0   libinit.o
         2          0          0          0          0          0   libinit2.o
         2          0          0          0          0          0   libshutdown.o
         2          0          0          0          0          0   libshutdown2.o
         8          4          0          0         96         68   libspace.o
         2          0          0          0          0          0   rtexit.o
        10          0          0          0          0          0   rtexit2.o
        12          4          0          0          0         68   sys_exit.o
        74          0          0          0          0         80   sys_stackheap_outer.o
         2          0          0          0          0         68   use_no_semi.o

    ----------------------------------------------------------------------
       324         16          0          0         96        584   Library Totals
        10          0          0          0          0          0   (incl. Padding)

    ----------------------------------------------------------------------

      Code (inc. data)   RO Data    RW Data    ZI Data      Debug   Library Name

       314         16          0          0         96        584   c_w.l

    ----------------------------------------------------------------------
       324         16          0          0         96        584   Library Totals

    ----------------------------------------------------------------------

==============================================================================


      Code (inc. data)   RO Data    RW Data    ZI Data      Debug   

      3720        148        284          4       1672      22068   Grand Totals
      3720        148        284          4       1672      22068   ELF Image Totals
      3720        148        284          4          0          0   ROM Totals

==============================================================================

    Total RO  Size (Code + RO Data)                 4004 (   3.91kB)
    Total RW  Size (RW Data + ZI Data)              1676 (   1.64kB)
    Total ROM Size (Code + RO Data + RW Data)       4008 (   3.91kB)

==============================================================================

